Microchip MPLAB XC8 PIC(R) Assembler V2.30

Linker command line:

-W-3 --edf=C:\Program Files\Microchip\xc8\v2.30\pic\dat\en_msgs.txt -cf \
  -h+dist/default/debug\MicroprocessorsLab.debug.sym \
  --cmf=dist/default/debug\MicroprocessorsLab.debug.cmf -z -Q18F87K22 \
  -oC:\Users\cf2918\AppData\Local\Temp\sbrox2 -ver=XC8 PIC(R) Assembler \
  -Moutput.map -E1 --acfsm=1493 -ACODE=00h-01FFFFh -ACONST=00h-01FFFFh \
  -ASMALLCONST=01000h-010FFhx496 \
  -AMEDIUMCONST=01000h-0FFFFh,011000h-01FFFFh -ACOMRAM=00h-05Fh \
  -AABS1=00h-0F15h -ABIGRAM=00h-0F15h \
  -ARAM=060h-0FFh,0100h-01FFhx14,0F00h-0F15h -ABANK0=060h-0FFh \
  -ABANK1=0100h-01FFh -ABANK2=0200h-02FFh -ABANK3=0300h-03FFh \
  -ABANK4=0400h-04FFh -ABANK5=0500h-05FFh -ABANK6=0600h-06FFh \
  -ABANK7=0700h-07FFh -ABANK8=0800h-08FFh -ABANK9=0900h-09FFh \
  -ABANK10=0A00h-0AFFh -ABANK11=0B00h-0BFFh -ABANK12=0C00h-0CFFh \
  -ABANK13=0D00h-0DFFh -ABANK14=0E00h-0EFFh -ABANK15=0F00h-0F15h \
  -ASFR=0F16h-0F5Fh,0F60h-0FFFh -AIDLOC=0200000h-0200007h \
  -AEEDATA=0F00000h-0F003FFh build/default/debug/main.o \
  build/default/debug/config.o build/default/debug/LCD.o \
  build/default/debug/Heart_Rate.o build/default/debug/Int.o \
  build/default/debug/ADC.o 

Object code version is 3.11

Machine type is 18F87K22



                Name                               Link     Load   Length Selector   Space Scale
build/default/debug/main.o
                code                                  0        0       7A        0       0
                udata_acs                            1C       1C        2        0       1
                config                           300000   300000        E        0       4
build/default/debug/config.o
                config                           300000   300000        E        0       4
build/default/debug/LCD.o
                lcd_code                          1FE34    1FE34      1CC    1FE34       0
                udata_acs_ovr                        1E       1E        1        0       1
                udata_acs                            15       15        5        0       1
build/default/debug/Heart_Rate.o
                heartrate_code                    1FC8A    1FC8A       94    1FC8A       0
                udata_acs                             F        F        6        0       1
build/default/debug/Int.o
                dac_code                          1FC1A    1FC1A       70    1FC1A       0
                udata_acs                            1A       1A        2        0       1
build/default/debug/ADC.o
                adc_code                          1FD1E    1FD1E      116    1FD1E       0
                udata_acs                             0        0        F        0       1

TOTAL           Name                               Link     Load   Length     Space
        CLASS   CODE           
                code                                  0        0       7A         0
                lcd_code                          1FE34    1FE34      1CC         0
                heartrate_code                    1FC8A    1FC8A       94         0
                dac_code                          1FC1A    1FC1A       70         0
                adc_code                          1FD1E    1FD1E      116         0

        CLASS   CONST          

        CLASS   SMALLCONST     

        CLASS   MEDIUMCONST    

        CLASS   COMRAM         
                udata_acs                            1C       1C        2         1
                udata_acs_ovr                        1E       1E        1         1
                udata_acs                            15       15        5         1
                udata_acs                             F        F        6         1
                udata_acs                            1A       1A        2         1
                udata_acs                             0        0        F         1

        CLASS   ABS1           

        CLASS   BIGRAM         

        CLASS   RAM            

        CLASS   BANK0          

        CLASS   BANK1          

        CLASS   BANK2          

        CLASS   BANK3          

        CLASS   BANK4          

        CLASS   BANK5          

        CLASS   BANK6          

        CLASS   BANK7          

        CLASS   BANK8          

        CLASS   BANK9          

        CLASS   BANK10         

        CLASS   BANK11         

        CLASS   BANK12         

        CLASS   BANK13         

        CLASS   BANK14         

        CLASS   BANK15         

        CLASS   SFR            

        CLASS   IDLOC          

        CLASS   EEDATA         

        CLASS   CONFIG         
                config                           300000   300000        E         4



SEGMENTS        Name                           Load    Length   Top    Selector   Space  Class

                udata_acs                      000000  00001F  00001F         0       1  COMRAM  
                dac_code                       01FC1A  000070  01FC8A     1FC1A       0  CODE    
                heartrate_code                 01FC8A  000094  01FD1E     1FC8A       0  CODE    
                adc_code                       01FD1E  000116  01FE34     1FD1E       0  CODE    
                lcd_code                       01FE34  0001CC  020000     1FE34       0  CODE    


UNUSED ADDRESS RANGES

        Name                Unused          Largest block    Delta
        BANK0            000060-0000FF               A0
        BANK1            000100-0001FF              100
        BANK10           000A00-000AFF              100
        BANK11           000B00-000BFF              100
        BANK12           000C00-000CFF              100
        BANK13           000D00-000DFF              100
        BANK14           000E00-000EFF              100
        BANK15           000F00-000F15               16
        BANK2            000200-0002FF              100
        BANK3            000300-0003FF              100
        BANK4            000400-0004FF              100
        BANK5            000500-0005FF              100
        BANK6            000600-0006FF              100
        BANK7            000700-0007FF              100
        BANK8            000800-0008FF              100
        BANK9            000900-0009FF              100
        BIGRAM           00007A-000F15              E9C
        CODE             00007A-01FC19            1FBA0
        COMRAM           00001F-00005F               41
        CONST            00007A-01FC19            1FBA0
        EEDATA           F00000-F003FF              400
        IDLOC            200000-200007                8
        MEDIUMCONST      001000-00FFFF             F000
                         011000-01FC19             EC1A
        RAM              000060-000F15              100
        SFR              000F16-000FFF               4A
        SMALLCONST       001000-01FC19              100

                                  Symbol Table

ADC_Read            adc_code       01FD3C
ADC_Setup           adc_code       01FD1E
ADC_hextodec        adc_code       01FDD0
Analysis_and_output code           000044
HR_Add_Beat         heartrate_code 01FCEE
HR_Calculate        heartrate_code 01FD08
HR_Count_beats      heartrate_code 01FCCC
HR_Look_for_beat    heartrate_code 01FCAE
HR_Next_Beat        heartrate_code 01FCF4
HR_Setup            heartrate_code 01FC8A
HR_reset_var        udata_acs      000014
Int_Main            dac_code       01FC32
Int_Setup           dac_code       01FC1A
Int_Start_interrupt dac_code       01FC24
LCD_ErrMessage      lcd_code       01FF1C
LCD_Setup           lcd_code       01FE34
LCD_Write_HR        lcd_code       01FEDA
__Hadc_code         adc_code       000000
__Hcode             code           000000
__Hconfig           config         30000E
__Hdac_code         dac_code       000000
__Hdata             data           000000
__Hedata            edata          000000
__Hheartrate_code   heartrate_code 000000
__Hlcd_code         lcd_code       000000
__Hspace_0          (abs)          020000
__Hspace_1          (abs)          00001F
__Hspace_3          (abs)          000000
__Hspace_4          (abs)          60000E
__Hudata            udata          000000
__Hudata_acs        udata_acs      000000
__Hudata_acs_ovr    udata_acs_ovr  00001F
__Hudata_bank0      udata_bank0    000000
__Hudata_bank1      udata_bank1    000000
__Hudata_bank10     udata_bank10   000000
__Hudata_bank11     udata_bank11   000000
__Hudata_bank12     udata_bank12   000000
__Hudata_bank13     udata_bank13   000000
__Hudata_bank14     udata_bank14   000000
__Hudata_bank15     udata_bank15   000000
__Hudata_bank2      udata_bank2    000000
__Hudata_bank3      udata_bank3    000000
__Hudata_bank4      udata_bank4    000000
__Hudata_bank5      udata_bank5    000000
__Hudata_bank6      udata_bank6    000000
__Hudata_bank7      udata_bank7    000000
__Hudata_bank8      udata_bank8    000000
__Hudata_bank9      udata_bank9    000000
__Ladc_code         adc_code       000000
__Lcode             code           000000
__Lconfig           config         000000
__Ldac_code         dac_code       000000
__Ldata             data           000000
__Ledata            edata          000000
__Lheartrate_code   heartrate_code 000000
__Llcd_code         lcd_code       000000
__Lspace_0          (abs)          000000
__Lspace_1          (abs)          000000
__Lspace_3          (abs)          000000
__Lspace_4          (abs)          000000
__Ludata            udata          000000
__Ludata_acs        udata_acs      000000
__Ludata_acs_ovr    udata_acs_ovr  00001E
__Ludata_bank0      udata_bank0    000000
__Ludata_bank1      udata_bank1    000000
__Ludata_bank10     udata_bank10   000000
__Ludata_bank11     udata_bank11   000000
__Ludata_bank12     udata_bank12   000000
__Ludata_bank13     udata_bank13   000000
__Ludata_bank14     udata_bank14   000000
__Ludata_bank15     udata_bank15   000000
__Ludata_bank2      udata_bank2    000000
__Ludata_bank3      udata_bank3    000000
__Ludata_bank4      udata_bank4    000000
__Ludata_bank5      udata_bank5    000000
__Ludata_bank6      udata_bank6    000000
__Ludata_bank7      udata_bank7    000000
__Ludata_bank8      udata_bank8    000000
__Ludata_bank9      udata_bank9    000000
__S0                (abs)          020000
__S1                (abs)          00001F
__S3                (abs)          000000
count_beats         code           00002C
hresult             udata_acs      00001C
lresult             udata_acs      00001D
numresulth          udata_acs      00000C
numresultl          udata_acs      00000D
